ensure_default_themes: destination is newer or same: /home/cool/.config/kew/themes/THEMES-HOWTO.md
ensure_default_themes: destination is newer or same: /home/cool/.config/kew/themes/albumcolors.theme
ensure_default_themes: destination is newer or same: /home/cool/.config/kew/themes/army.theme
ensure_default_themes: destination is newer or same: /home/cool/.config/kew/themes/bunker.theme
ensure_default_themes: destination is newer or same: /home/cool/.config/kew/themes/catpuccin.theme
ensure_default_themes: destination is newer or same: /home/cool/.config/kew/themes/cyberpunk.theme
ensure_default_themes: destination is newer or same: /home/cool/.config/kew/themes/default.theme
ensure_default_themes: destination is newer or same: /home/cool/.config/kew/themes/forest.theme
ensure_default_themes: destination is newer or same: /home/cool/.config/kew/themes/gruvbox.theme
ensure_default_themes: destination is newer or same: /home/cool/.config/kew/themes/gruvboxlight.theme
ensure_default_themes: destination is newer or same: /home/cool/.config/kew/themes/kanagawa.theme
ensure_default_themes: destination is newer or same: /home/cool/.config/kew/themes/kew-theme-pack1.txt
ensure_default_themes: destination is newer or same: /home/cool/.config/kew/themes/kew-theme-pack2.txt
ensure_default_themes: destination is newer or same: /home/cool/.config/kew/themes/kew-theme-pack3.txt
ensure_default_themes: destination is newer or same: /home/cool/.config/kew/themes/marianatrench.theme
ensure_default_themes: destination is newer or same: /home/cool/.config/kew/themes/midnight.theme
ensure_default_themes: destination is newer or same: /home/cool/.config/kew/themes/monochrome.theme
ensure_default_themes: destination is newer or same: /home/cool/.config/kew/themes/neutral.theme
ensure_default_themes: destination is newer or same: /home/cool/.config/kew/themes/nord.theme
ensure_default_themes: destination is newer or same: /home/cool/.config/kew/themes/onealbumcolor.theme
ensure_default_themes: destination is newer or same: /home/cool/.config/kew/themes/paper.theme
ensure_default_themes: destination is newer or same: /home/cool/.config/kew/themes/pewter.theme
ensure_default_themes: destination is newer or same: /home/cool/.config/kew/themes/purple.theme
ensure_default_themes: destination is newer or same: /home/cool/.config/kew/themes/ravachol.theme
ensure_default_themes: destination is newer or same: /home/cool/.config/kew/themes/solarizedlight.theme
ensure_default_themes: destination is newer or same: /home/cool/.config/kew/themes/synthwave.theme
ensure_default_themes: destination is newer or same: /home/cool/.config/kew/themes/tokyonight.theme
Failed to lock library mutex.
Failed to lock library mutex.
Failed to lock library mutex.
Failed to lock library mutex.
Failed to lock library mutex.
Failed to lock library mutex.
Failed to lock library mutex.
Failed to lock library mutex.
Failed to lock library mutex.
Failed to lock library mutex.
Failed to lock library mutex.
Failed to lock library mutex.
Failed to lock library mutex.
Failed to lock library mutex.
Failed to lock library mutex.
Failed to lock library mutex.
Failed to lock library mutex.
Failed to lock library mutex.
Failed to lock library mutex.
Failed to lock library mutex.
Failed to lock library mutex.
Failed to lock library mutex.
Failed to lock library mutex.
Failed to lock library mutex.
Failed to lock library mutex.
Failed to lock library mutex.
Failed to lock library mutex.
Failed to lock library mutex.
Failed to lock library mutex.
Failed to lock library mutex.
Failed to lock library mutex.
Failed to lock library mutex.
Failed to lock library mutex.
Failed to lock library mutex.
Failed to lock library mutex.
Failed to lock library mutex.
Failed to lock library mutex.
Failed to lock library mutex.
Failed to lock library mutex.
Failed to lock library mutex.
Failed to lock library mutex.
Failed to lock library mutex.
Failed to lock library mutex.
Failed to lock library mutex.
Failed to lock library mutex.
Failed to lock library mutex.
Failed to lock library mutex.
Failed to lock library mutex.
Failed to lock library mutex.
Failed to lock library mutex.
Failed to lock library mutex.
Failed to lock library mutex.
Failed to lock library mutex.
Failed to lock library mutex.
Failed to lock library mutex.
Failed to lock library mutex.
Failed to lock library mutex.
Failed to lock library mutex.
Failed to lock library mutex.
Failed to lock library mutex.
Failed to lock library mutex.
Failed to lock library mutex.
Failed to lock library mutex.
Failed to lock library mutex.
Failed to lock library mutex.
Failed to lock library mutex.
Failed to lock library mutex.
Failed to lock library mutex.
Failed to lock library mutex.
Failed to lock library mutex.
Failed to lock library mutex.
Failed to lock library mutex.
Failed to lock library mutex.
Failed to lock library mutex.
Failed to lock library mutex.
Failed to lock library mutex.
Failed to lock library mutex.
Failed to lock library mutex.
Failed to lock library mutex.
Failed to lock library mutex.
Failed to lock library mutex.
Failed to lock library mutex.
Failed to lock library mutex.
Failed to lock library mutex.
Failed to lock library mutex.
Failed to lock library mutex.
Failed to lock library mutex.
Failed to lock library mutex.
Failed to lock library mutex.
Failed to lock library mutex.
Failed to lock library mutex.
Failed to lock library mutex.
Failed to lock library mutex.
Failed to lock library mutex.
Failed to lock library mutex.
Failed to lock library mutex.
Failed to lock library mutex.
Failed to lock library mutex.
Failed to lock library mutex.
Failed to lock library mutex.
Failed to lock library mutex.
Failed to lock library mutex.
Failed to lock library mutex.
Failed to lock library mutex.
Failed to lock library mutex.
Failed to lock library mutex.
Failed to lock library mutex.
Failed to lock library mutex.
Failed to lock library mutex.
Failed to lock library mutex.
Failed to lock library mutex.
Failed to lock library mutex.
Failed to lock library mutex.
Failed to lock library mutex.
Failed to lock library mutex.
Failed to lock library mutex.
Failed to lock library mutex.
Failed to lock library mutex.
Failed to lock library mutex.
Failed to lock library mutex.
Failed to lock library mutex.
Failed to lock library mutex.
Failed to lock library mutex.
Failed to lock library mutex.
Failed to lock library mutex.
Failed to lock library mutex.
Failed to lock library mutex.
Failed to lock library mutex.
Failed to lock library mutex.
Failed to lock library mutex.
Failed to lock library mutex.
Failed to lock library mutex.
Failed to lock library mutex.
Failed to lock library mutex.
Failed to lock library mutex.
Failed to lock library mutex.
Failed to lock library mutex.
Failed to lock library mutex.
Failed to lock library mutex.
Failed to lock library mutex.
Failed to lock library mutex.
Failed to lock library mutex.
Failed to lock library mutex.
Failed to lock library mutex.
Failed to lock library mutex.
Failed to lock library mutex.
Failed to lock library mutex.
Failed to lock library mutex.
Failed to lock library mutex.
Failed to lock library mutex.
Failed to lock library mutex.
Failed to lock library mutex.
Failed to lock library mutex.
Failed to lock library mutex.
Failed to lock library mutex.
Failed to lock library mutex.
Failed to lock library mutex.
Failed to lock library mutex.
Failed to lock library mutex.
Failed to lock library mutex.
Failed to lock library mutex.
Failed to lock library mutex.
Failed to lock library mutex.
Failed to lock library mutex.
Failed to lock library mutex.
Failed to lock library mutex.
Failed to lock library mutex.
Failed to lock library mutex.
Failed to lock library mutex.
Failed to lock library mutex.
Failed to lock library mutex.
Failed to lock library mutex.
Failed to lock library mutex.
Failed to lock library mutex.
Failed to lock library mutex.
Failed to lock library mutex.
Failed to lock library mutex.
Failed to lock library mutex.
Failed to lock library mutex.
Failed to lock library mutex.
Failed to lock library mutex.
Failed to lock library mutex.
Failed to lock library mutex.
