Mono path[0] = '/home/cool/Games/ULTRAKILL/game/ULTRAKILL_Data/Managed'
Mono config path = '/home/cool/Games/ULTRAKILL/game/ULTRAKILL_Data/MonoBleedingEdge/etc'
Display 0 '0': 1680x1050 (primary device).
[Physics::Module] Initialized MultithreadedJobDispatcher with 3 workers.
Desktop is 1680 x 1050 @ 60 Hz
Unknown renderer 2
Initialize engine version: 2022.3.29f1 (8d510ca76d2b)
[Subsystems] Discovering subsystems at path /home/cool/Games/ULTRAKILL/game/ULTRAKILL_Data/UnitySubsystems
GfxDevice: creating device client; threaded=1; jobified=1
GfxDevice: creating device client; threaded=1; jobified=1
Renderer: GeForce GT 730/PCIe/SSE2
Vendor:   NVIDIA Corporation
Version:  4.5.0 NVIDIA 390.157
GLES:     0
 GL_AMD_multi_draw_indirect GL_ARB_arrays_of_arrays GL_ARB_base_instance GL_ARB_blend_func_extended GL_ARB_buffer_storage GL_ARB_clear_buffer_object GL_ARB_clear_texture GL_ARB_clip_control GL_ARB_color_buffer_float GL_ARB_compressed_texture_pixel_storage GL_ARB_conservative_depth GL_ARB_compute_shader GL_ARB_compute_variable_group_size GL_ARB_conditional_render_inverted GL_ARB_copy_buffer GL_ARB_copy_image GL_ARB_cull_distance GL_ARB_debug_output GL_ARB_depth_buffer_float GL_ARB_depth_clamp GL_ARB_depth_texture GL_ARB_derivative_control GL_ARB_direct_state_access GL_ARB_draw_buffers GL_ARB_draw_buffers_blend GL_ARB_draw_indirect GL_ARB_draw_elements_base_vertex GL_ARB_draw_instanced GL_ARB_enhanced_layouts GL_ARB_ES2_compatibility GL_ARB_ES3_compatibility GL_ARB_ES3_1_compatibility GL_ARB_ES3_2_compatibility GL_ARB_explicit_attrib_location GL_ARB_explicit_uniform_location GL_ARB_fragment_coord_conventions GL_ARB_fragment_layer_viewport GL_ARB_fragment_program GL_ARB_fragment_program_shadow GL_ARB_fragment_s
hader GL_ARB_framebuffer_no_attachments GL_ARB_framebuffer_object GL_ARB_framebuffer_sRGB GL_ARB_geometry_shader4 GL_ARB_get_program_binary GL_ARB_get_texture_sub_image GL_ARB_gl_spirv GL_ARB_gpu_shader5 GL_ARB_gpu_shader_fp64 GL_ARB_gpu_shader_int64 GL_ARB_half_float_pixel GL_ARB_half_float_vertex GL_ARB_imaging GL_ARB_indirect_parameters GL_ARB_instanced_arrays GL_ARB_internalformat_query GL_ARB_internalformat_query2 GL_ARB_invalidate_subdata GL_ARB_map_buffer_alignment GL_ARB_map_buffer_range GL_ARB_multi_bind GL_ARB_multi_draw_indirect GL_ARB_multisample GL_ARB_multitexture GL_ARB_occlusion_query GL_ARB_occlusion_query2 GL_ARB_parallel_shader_compile GL_ARB_pipeline_statistics_query GL_ARB_pixel_buffer_object GL_ARB_point_parameters GL_ARB_point_sprite GL_ARB_polygon_offset_clamp GL_ARB_program_interface_query GL_ARB_provoking_vertex GL_ARB_query_buffer_object GL_ARB_robust_buffer_access_behavior GL_ARB_robustness GL_ARB_sample_shading GL_ARB_sampler_objects GL_ARB_seamless_cube_map GL_ARB_separate_shade
r_objects GL_ARB_shader_atomic_counter_ops GL_ARB_shader_atomic_counters GL_ARB_shader_bit_encoding GL_ARB_shader_draw_parameters GL_ARB_shader_group_vote GL_ARB_shader_image_load_store GL_ARB_shader_image_size GL_ARB_shader_objects GL_ARB_shader_precision GL_ARB_shader_storage_buffer_object GL_ARB_shader_subroutine GL_ARB_shader_texture_image_samples GL_ARB_shader_texture_lod GL_ARB_shading_language_100 GL_ARB_shading_language_420pack GL_ARB_shading_language_include GL_ARB_shading_language_packing GL_ARB_shadow GL_ARB_sparse_buffer GL_ARB_sparse_texture GL_ARB_spirv_extensions GL_ARB_stencil_texturing GL_ARB_sync GL_ARB_tessellation_shader GL_ARB_texture_barrier GL_ARB_texture_border_clamp GL_ARB_texture_buffer_object GL_ARB_texture_buffer_object_rgb32 GL_ARB_texture_buffer_range GL_ARB_texture_compression GL_ARB_texture_compression_bptc GL_ARB_texture_compression_rgtc GL_ARB_texture_cube_map GL_ARB_texture_cube_map_array GL_ARB_texture_env_add GL_ARB_texture_env_combine GL_ARB_texture_env_crossbar GL_ARB_t
exture_env_dot3 GL_ARB_texture_filter_anisotropic GL_ARB_texture_float GL_ARB_texture_gather GL_ARB_texture_mirror_clamp_to_edge GL_ARB_texture_mirrored_repeat GL_ARB_texture_multisample GL_ARB_texture_non_power_of_two GL_ARB_texture_query_levels GL_ARB_texture_query_lod GL_ARB_texture_rectangle GL_ARB_texture_rg GL_ARB_texture_rgb10_a2ui GL_ARB_texture_stencil8 GL_ARB_texture_storage GL_ARB_texture_storage_multisample GL_ARB_texture_swizzle GL_ARB_texture_view GL_ARB_timer_query GL_ARB_transform_feedback2 GL_ARB_transform_feedback3 GL_ARB_transform_feedback_instanced GL_ARB_transform_feedback_overflow_query GL_ARB_transpose_matrix GL_ARB_uniform_buffer_object GL_ARB_vertex_array_bgra GL_ARB_vertex_array_object GL_ARB_vertex_attrib_64bit GL_ARB_vertex_attrib_binding GL_ARB_vertex_buffer_object GL_ARB_vertex_program GL_ARB_vertex_shader GL_ARB_vertex_type_10f_11f_11f_rev GL_ARB_vertex_type_2_10_10_10_rev GL_ARB_viewport_array GL_ARB_window_pos GL_ATI_draw_buffers GL_ATI_texture_float GL_ATI_texture_mirror_onc
e GL_S3_s3tc GL_EXT_texture_env_add GL_EXT_abgr GL_EXT_bgra GL_EXT_bindable_uniform GL_EXT_blend_color GL_EXT_blend_equation_separate GL_EXT_blend_func_separate GL_EXT_blend_minmax GL_EXT_blend_subtract GL_EXT_compiled_vertex_array GL_EXT_Cg_shader GL_EXT_depth_bounds_test GL_EXT_direct_state_access GL_EXT_draw_buffers2 GL_EXT_draw_instanced GL_EXT_draw_range_elements GL_EXT_fog_coord GL_EXT_framebuffer_blit GL_EXT_framebuffer_multisample GL_EXTX_framebuffer_mixed_formats GL_EXT_framebuffer_multisample_blit_scaled GL_EXT_framebuffer_object GL_EXT_framebuffer_sRGB GL_EXT_geometry_shader4 GL_EXT_gpu_program_parameters GL_EXT_gpu_shader4 GL_EXT_multi_draw_arrays GL_EXT_packed_depth_stencil GL_EXT_packed_float GL_EXT_packed_pixels GL_EXT_pixel_buffer_object GL_EXT_point_parameters GL_EXT_polygon_offset_clamp GL_EXT_provoking_vertex GL_EXT_rescale_normal GL_EXT_secondary_color GL_EXT_separate_shader_objects GL_EXT_separate_specular_color GL_EXT_shader_image_load_store GL_EXT_shader_integer_mix GL_EXT_shadow_funcs
 GL_EXT_stencil_two_side GL_EXT_stencil_wrap GL_EXT_texture3D GL_EXT_texture_array GL_EXT_texture_buffer_object GL_EXT_texture_compression_dxt1 GL_EXT_texture_compression_latc GL_EXT_texture_compression_rgtc GL_EXT_texture_compression_s3tc GL_EXT_texture_cube_map GL_EXT_texture_edge_clamp GL_EXT_texture_env_combine GL_EXT_texture_env_dot3 GL_EXT_texture_filter_anisotropic GL_EXT_texture_integer GL_EXT_texture_lod GL_EXT_texture_lod_bias GL_EXT_texture_mirror_clamp GL_EXT_texture_object GL_EXT_texture_shared_exponent GL_EXT_texture_sRGB GL_EXT_texture_sRGB_decode GL_EXT_texture_storage GL_EXT_texture_swizzle GL_EXT_timer_query GL_EXT_transform_feedback2 GL_EXT_vertex_array GL_EXT_vertex_array_bgra GL_EXT_vertex_attrib_64bit GL_EXT_window_rectangles GL_EXT_x11_sync_object GL_EXT_import_sync_object GL_NV_robustness_video_memory_purge GL_IBM_rasterpos_clip GL_IBM_texture_mirrored_repeat GL_KHR_context_flush_control GL_KHR_debug GL_KHR_parallel_shader_compile GL_KHR_no_error GL_KHR_robust_buffer_access_behavior G
L_KHR_robustness GL_KTX_buffer_region GL_NV_alpha_to_coverage_dither_control GL_NV_bindless_multi_draw_indirect GL_NV_bindless_multi_draw_indirect_count GL_NV_blend_equation_advanced GL_NV_blend_square GL_NV_command_list GL_NV_compute_program5 GL_NV_conditional_render GL_NV_copy_depth_to_color GL_NV_copy_image GL_NV_depth_buffer_float GL_NV_depth_clamp GL_NV_draw_texture GL_NV_ES1_1_compatibility GL_NV_ES3_1_compatibility GL_NV_explicit_multisample GL_NV_fence GL_NV_float_buffer GL_NV_fog_distance GL_NV_fragment_program GL_NV_fragment_program_option GL_NV_fragment_program2 GL_NV_framebuffer_multisample_coverage GL_NV_geometry_shader4 GL_NV_gpu_program4 GL_NV_internalformat_sample_query GL_NV_gpu_program4_1 GL_NV_gpu_program5 GL_NV_gpu_program5_mem_extended GL_NV_gpu_program_fp64 GL_NV_gpu_shader5 GL_NV_half_float GL_NV_light_max_exponent GL_NV_multisample_coverage GL_NV_multisample_filter_hint GL_NV_occlusion_query GL_NV_packed_depth_stencil GL_NV_parameter_buffer_object GL_NV_parameter_buffer_object2 GL_NV_
path_rendering GL_NV_pixel_data_range GL_NV_point_sprite GL_NV_primitive_restart GL_NV_query_resource GL_NV_query_resource_tag GL_NV_register_combiners GL_NV_register_combiners2 GL_NV_shader_atomic_counters GL_NV_shader_atomic_float GL_NV_shader_buffer_load GL_NV_shader_storage_buffer_object GL_NV_texgen_reflection GL_NV_texture_barrier GL_NV_texture_compression_vtc GL_NV_texture_env_combine4 GL_NV_texture_multisample GL_NV_texture_rectangle GL_NV_texture_rectangle_compressed GL_NV_texture_shader GL_NV_texture_shader2 GL_NV_texture_shader3 GL_NV_transform_feedback GL_NV_transform_feedback2 GL_NV_uniform_buffer_unified_memory GL_NV_vdpau_interop GL_NV_vertex_array_range GL_NV_vertex_array_range2 GL_NV_vertex_attrib_integer_64bit GL_NV_vertex_buffer_unified_memory GL_NV_vertex_program GL_NV_vertex_program1_1 GL_NV_vertex_program2 GL_NV_vertex_program2_option GL_NV_vertex_program3 GL_NVX_conditional_render GL_NVX_gpu_memory_info GL_NV_shader_thread_group GL_KHR_blend_equation_advanced GL_SGIS_generate_mipmap GL
_SGIS_texture_lod GL_SGIX_depth_texture GL_SGIX_shadow GL_SUN_slice_accum
OPENGL LOG: Creating OpenGL 4.5 graphics device ; Context level  <OpenGL 4.5> ; Context handle 534638376
Begin MonoManager ReloadAssembly
- Loaded All Assemblies, in  0.237 seconds
- Finished resetting the current domain, in  0.002 seconds
Default vsync count 0
requesting resize 1024 x 600
requesting fullscreen 1024 x 600 at 0/1 Hz
Setting up downscaled viewport at 1024 x 600
Desktop is 1680 x 1050 @ 60 Hz
UnloadTime: 0.902232 ms
ROOT NODE
	TimeUpdate
		WaitForLastPresentationAndUpdateTime
	Initialization
		ProfilerStartFrame
		UpdateCameraMotionVectors
		DirectorSampleTime
		AsyncUploadTimeSlicedUpdate
		SynchronizeInputs
		SynchronizeState
		XREarlyUpdate
	EarlyUpdate
		PollPlayerConnection
		GpuTimestamp
		AnalyticsCoreStatsUpdate
		UnityWebRequestUpdate
		ExecuteMainThreadJobs
		ProcessMouseInWindow
		ClearIntermediateRenderers
		ClearLines
		PresentBeforeUpdate
		ResetFrameStatsAfterPresent
		UpdateAsyncInstantiate
		UpdateAsyncReadbackManager
		UpdateStreamingManager
		UpdateTextureStreamingManager
		UpdatePreloading
		UpdateContentLoading
		RendererNotifyInvisible
		PlayerCleanupCachedData
		UpdateMainGameViewRect
		UpdateCanvasRectTransform
		XRUpdate
		UpdateInputManager
		ProcessRemoteInput
		ScriptRunDelayedStartupFrame
		UpdateKinect
		DeliverIosPlatformEvents
		ARCoreUpdate
		DispatchEventQueueEvents
		Physics2DEarlyUpdate
		PhysicsResetInterpolatedTransformPosition
		SpriteAtlasManagerUpdate
		PerformanceAnalyticsUpdate
	FixedUpdate
		ClearLines
		NewInputFixedUpdate
		DirectorFixedSampleTime
		AudioFixedUpdate
		ScriptRunBehaviourFixedUpdate
		DirectorFixedUpdate
		LegacyFixedAnimationUpdate
		XRFixedUpdate
		PhysicsFixedUpdate
		Physics2DFixedUpdate
		PhysicsClothFixedUpdate
		DirectorFixedUpdatePostPhysics
		ScriptRunDelayedFixedFrameRate
	PreUpdate
		PhysicsUpdate
		Physics2DUpdate
		PhysicsClothUpdate
		CheckTexFieldInput
		IMGUISendQueuedEvents
		NewInputUpdate
		SendMouseEvents
		AIUpdate
		WindUpdate
		UpdateVideo
	Update
		ScriptRunBehaviourUpdate
		ScriptRunDelayedDynamicFrameRate
		ScriptRunDelayedTasks
		DirectorUpdate
	PreLateUpdate
		AIUpdatePostScript
		DirectorUpdateAnimationBegin
		LegacyAnimationUpdate
		DirectorUpdateAnimationEnd
		DirectorDeferredEvaluate
		UIElementsUpdatePanels
		EndGraphicsJobsAfterScriptUpdate
		ConstraintManagerUpdate
		ParticleSystemBeginUpdateAll
		Physics2DLateUpdate
		PhysicsLateUpdate
		ScriptRunBehaviourLateUpdate
	PostLateUpdate
		PlayerSendFrameStarted
		DirectorLateUpdate
		ScriptRunDelayedDynamicFrameRate
		PhysicsSkinnedClothBeginUpdate
		UpdateRectTransform
		PlayerUpdateCanvases
		UpdateAudio
		VFXUpdate
		ParticleSystemEndUpdateAll
		EndGraphicsJobsAfterScriptLateUpdate
		UpdateCustomRenderTextures
		XRPostLateUpdate
		UpdateAllRenderers
		UpdateLightProbeProxyVolumes
		EnlightenRuntimeUpdate
		UpdateAllSkinnedMeshes
		ProcessWebSendMessages
		SortingGroupsUpdate
		UpdateVideoTextures
		UpdateVideo
		DirectorRenderImage
		PlayerEmitCanvasGeometry
		PlayerRenderUIEBatchModeOffscreen
		PhysicsSkinnedClothFinishUpdate
		FinishFrameRendering
		BatchModeUpdate
		PlayerSendFrameComplete
		UpdateCaptureScreenshot
		PresentAfterDraw
		ClearImmediateRenderers
		PlayerSendFramePostPresent
		UpdateResolution
		InputEndFrame
		TriggerEndOfFrameCallbacks
		GUIClearEvents
		ShaderHandleErrors
		ResetInputAxis
		ThreadedLoadingDebug
		ProfilerSynchronizeStats
		MemoryFrameMaintenance
		ExecuteGameCenterCallbacks
		XRPreEndFrame
		ProfilerEndFrame
		GraphicsWarmupPreloadedShaders
		ObjectDispatcherPostLateUpdate
/home/cool/Games/ULTRAKILL/game/ULTRAKILL_Data/StreamingAssets/aa
Disabling all non-error console messages!
Unloading 4 Unused Serialized files (Serialized files now loaded: 28)
UnloadTime: 1.729521 ms
requesting resize 1024 x 600
requesting fullscreen 1024 x 600 at 0/1 Hz
Setting up downscaled viewport at 1024 x 600
Desktop is 1680 x 1050 @ 60 Hz
Unloading 131 unused Assets to reduce memory usage. Loaded Objects now: 4354.
Total: 8.224111 ms (FindLiveObjects: 0.274200 ms CreateObjectMapping: 0.110143 ms MarkObjects: 7.470445 ms  DeleteObjects: 0.368662 ms)

Couldn't create a Convex Mesh from source mesh "Melon" within the maximum polygons limit (256). The partial hull will be used. Consider simplifying your mesh.
Unloading 3 Unused Serialized files (Serialized files now loaded: 30)
UnloadTime: 6.260166 ms
Fallback handler could not load library /home/cool/Games/ULTRAKILL/game/ULTRAKILL_Data/MonoBleedingEdge/x86_64/discord_game_sdk
Fallback handler could not load library /home/cool/Games/ULTRAKILL/game/ULTRAKILL_Data/MonoBleedingEdge/x86_64/libdiscord_game_sdk.so
Fallback handler could not load library /home/cool/Games/ULTRAKILL/game/ULTRAKILL_Data/MonoBleedingEdge/x86_64/libdiscord_game_sdk.so
Fallback handler could not load library /home/cool/Games/ULTRAKILL/game/ULTRAKILL_Data/MonoBleedingEdge/x86_64/discord_game_sdk
Fallback handler could not load library /home/cool/Games/ULTRAKILL/game/ULTRAKILL_Data/MonoBleedingEdge/x86_64/libdiscord_game_sdk
Fallback handler could not load library /home/cool/Games/ULTRAKILL/game/ULTRAKILL_Data/MonoBleedingEdge/x86_64/libdiscord_game_sdk.so
Fallback handler could not load library /home/cool/Games/ULTRAKILL/game/ULTRAKILL_Data/MonoBleedingEdge/x86_64/libdiscord_game_sdk.so
Fallback handler could not load library /home/cool/Games/ULTRAKILL/game/ULTRAKILL_Data/MonoBleedingEdge/x86_64/libdiscord_game_sdk
Fallback handler could not load library /home/cool/Games/ULTRAKILL/game/ULTRAKILL_Data/MonoBleedingEdge/x86_64/discord_game_sdk
Fallback handler could not load library /home/cool/Games/ULTRAKILL/game/ULTRAKILL_Data/MonoBleedingEdge/x86_64/libdiscord_game_sdk.so
Fallback handler could not load library /home/cool/Games/ULTRAKILL/game/ULTRAKILL_Data/MonoBleedingEdge/x86_64/libdiscord_game_sdk.so
Fallback handler could not load library /home/cool/Games/ULTRAKILL/game/ULTRAKILL_Data/MonoBleedingEdge/x86_64/discord_game_sdk
Fallback handler could not load library /home/cool/Games/ULTRAKILL/game/ULTRAKILL_Data/MonoBleedingEdge/x86_64/libdiscord_game_sdk
Fallback handler could not load library /home/cool/Games/ULTRAKILL/game/ULTRAKILL_Data/MonoBleedingEdge/x86_64/libdiscord_game_sdk.so
Fallback handler could not load library /home/cool/Games/ULTRAKILL/game/ULTRAKILL_Data/MonoBleedingEdge/x86_64/libdiscord_game_sdk.so
Fallback handler could not load library /home/cool/Games/ULTRAKILL/game/ULTRAKILL_Data/MonoBleedingEdge/x86_64/libdiscord_game_sdk
Fallback handler could not load library /home/cool/Games/ULTRAKILL/game/ULTRAKILL_Data/MonoBleedingEdge/x86_64/steam_api64
Fallback handler could not load library /home/cool/Games/ULTRAKILL/game/ULTRAKILL_Data/MonoBleedingEdge/x86_64/libsteam_api64.so
Fallback handler could not load library /home/cool/Games/ULTRAKILL/game/ULTRAKILL_Data/MonoBleedingEdge/x86_64/libsteam_api64.so
Fallback handler could not load library /home/cool/Games/ULTRAKILL/game/ULTRAKILL_Data/MonoBleedingEdge/x86_64/steam_api64
Fallback handler could not load library /home/cool/Games/ULTRAKILL/game/ULTRAKILL_Data/MonoBleedingEdge/x86_64/libsteam_api64
Fallback handler could not load library /home/cool/Games/ULTRAKILL/game/ULTRAKILL_Data/MonoBleedingEdge/x86_64/libsteam_api64.so
Fallback handler could not load library /home/cool/Games/ULTRAKILL/game/ULTRAKILL_Data/MonoBleedingEdge/x86_64/libsteam_api64.so
Fallback handler could not load library /home/cool/Games/ULTRAKILL/game/ULTRAKILL_Data/MonoBleedingEdge/x86_64/libsteam_api64
Fallback handler could not load library /home/cool/Games/ULTRAKILL/game/ULTRAKILL_Data/MonoBleedingEdge/x86_64/steam_api64
Fallback handler could not load library /home/cool/Games/ULTRAKILL/game/ULTRAKILL_Data/MonoBleedingEdge/x86_64/libsteam_api64.so
Fallback handler could not load library /home/cool/Games/ULTRAKILL/game/ULTRAKILL_Data/MonoBleedingEdge/x86_64/libsteam_api64.so
Fallback handler could not load library /home/cool/Games/ULTRAKILL/game/ULTRAKILL_Data/MonoBleedingEdge/x86_64/steam_api64
Fallback handler could not load library /home/cool/Games/ULTRAKILL/game/ULTRAKILL_Data/MonoBleedingEdge/x86_64/libsteam_api64
Fallback handler could not load library /home/cool/Games/ULTRAKILL/game/ULTRAKILL_Data/MonoBleedingEdge/x86_64/libsteam_api64.so
Fallback handler could not load library /home/cool/Games/ULTRAKILL/game/ULTRAKILL_Data/MonoBleedingEdge/x86_64/libsteam_api64.so
Fallback handler could not load library /home/cool/Games/ULTRAKILL/game/ULTRAKILL_Data/MonoBleedingEdge/x86_64/libsteam_api64
Unloading 6919 unused Assets to reduce memory usage. Loaded Objects now: 81821.
Total: 77.154918 ms (FindLiveObjects: 8.246032 ms CreateObjectMapping: 4.540062 ms MarkObjects: 59.321320 ms  DeleteObjects: 5.046608 ms)

GI: material 'Standard' does not have Meta pass, and could not find default material. Object 'Cube(Clone) (1)' will not be affecting GI.
GI: material 'Standard' does not have Meta pass, and could not find default material. Object 'Cube(Clone) (1)' will not be affecting GI.
GI: material 'Standard' does not have Meta pass, and could not find default material. Object 'Cube(Clone) (1)' will not be affecting GI.
GI: material 'Standard' does not have Meta pass, and could not find default material. Object 'Cube(Clone) (1)' will not be affecting GI.
GI: material 'Standard' does not have Meta pass, and could not find default material. Object 'Cube(Clone) (2)' will not be affecting GI.
GI: material 'Standard' does not have Meta pass, and could not find default material. Object 'Cube(Clone) (2)' will not be affecting GI.
GI: material 'Standard' does not have Meta pass, and could not find default material. Object 'Cube(Clone) (2)' will not be affecting GI.
GI: material 'Standard' does not have Meta pass, and could not find default material. Object 'Cube(Clone) (2)' will not be affecting GI.
GI: material 'Standard' does not have Meta pass, and could not find default material. Object 'Cube' will not be affecting GI.
GI: material 'Standard' does not have Meta pass, and could not find default material. Object 'Cube' will not be affecting GI.
GI: material 'Standard' does not have Meta pass, and could not find default material. Object 'Cube' will not be affecting GI.
GI: material 'Standard' does not have Meta pass, and could not find default material. Object 'Cube' will not be affecting GI.
GI: material 'Standard' does not have Meta pass, and could not find default material. Object 'Cube(Clone)' will not be affecting GI.
GI: material 'Standard' does not have Meta pass, and could not find default material. Object 'Cube(Clone)' will not be affecting GI.
GI: material 'Standard' does not have Meta pass, and could not find default material. Object 'Cube(Clone)' will not be affecting GI.
GI: material 'Standard' does not have Meta pass, and could not find default material. Object 'Cube(Clone)' will not be affecting GI.
[Physics.PhysX] Foundation destruction failed due to pending module references. Close/release all depending modules first.
Memory Statistics:
[ALLOC_TEMP_TLS] TLS Allocator
  StackAllocators : 
    [ALLOC_TEMP_MAIN]
      Peak usage frame count: [0-1.0 KB]: 1466 frames, [2.0 KB-4.0 KB]: 3 frames, [4.0 KB-8.0 KB]: 3 frames, [8.0 KB-16.0 KB]: 2 frames, [32.0 KB-64.0 KB]: 189 frames, [64.0 KB-128.0 KB]: 35 frames, [128.0 KB-256.0 KB]: 1 frames, [256.0 KB-0.5 MB]: 2 frames, [0.5 MB-1.0 MB]: 5 frames, [1.0 MB-2.0 MB]: 3 frames, [2.0 MB-4.0 MB]: 1 frames, [4.0 MB-8.0 MB]: 6 frames
      Initial Block Size 4.0 MB
      Current Block Size 6.7 MB
      Peak Allocated Bytes 6.7 MB
      Overflow Count 1
    [ALLOC_TEMP_Loading.AsyncRead]
      Initial Block Size 64.0 KB
      Current Block Size 124.0 KB
      Peak Allocated Bytes 120.7 KB
      Overflow Count 0
    [ALLOC_TEMP_Loading.PreloadManager]
      Initial Block Size 256.0 KB
      Current Block Size 0.5 MB
      Peak Allocated Bytes 497.2 KB
      Overflow Count 43111
    [ALLOC_TEMP_Background Job.Worker 8]
      Initial Block Size 32.0 KB
      Current Block Size 52.0 KB
      Peak Allocated Bytes 48.7 KB
      Overflow Count 0
    [ALLOC_TEMP_Background Job.Worker 9]
      Initial Block Size 32.0 KB
      Current Block Size 32.0 KB
      Peak Allocated Bytes 11.4 KB
      Overflow Count 0
    [ALLOC_TEMP_Job.Worker 0]
      Initial Block Size 256.0 KB
      Current Block Size 256.0 KB
      Peak Allocated Bytes 29.3 KB
      Overflow Count 0
    [ALLOC_TEMP_Background Job.Worker 10]
      Initial Block Size 32.0 KB
      Current Block Size 32.0 KB
      Peak Allocated Bytes 30.7 KB
      Overflow Count 1
    [ALLOC_TEMP_Background Job.Worker 14]
      Initial Block Size 32.0 KB
      Current Block Size 32.0 KB
      Peak Allocated Bytes 3.5 KB
      Overflow Count 0
    [ALLOC_TEMP_Background Job.Worker 6]
      Initial Block Size 32.0 KB
      Current Block Size 32.0 KB
      Peak Allocated Bytes 0 B
      Overflow Count 0
    [ALLOC_TEMP_Background Job.Worker 12]
      Initial Block Size 32.0 KB
      Current Block Size 32.0 KB
      Peak Allocated Bytes 5.1 KB
      Overflow Count 0
    [ALLOC_TEMP_EnlightenWorker] x 2
      Initial Block Size 64.0 KB
      Current Block Size 64.0 KB
      Peak Allocated Bytes 0 B
      Overflow Count 0
    [ALLOC_TEMP_Background Job.Worker 15]
      Initial Block Size 32.0 KB
      Current Block Size 32.0 KB
      Peak Allocated Bytes 2.3 KB
      Overflow Count 0
    [ALLOC_TEMP_Background Job.Worker 1]
      Initial Block Size 32.0 KB
      Current Block Size 40.0 KB
      Peak Allocated Bytes 37.5 KB
      Overflow Count 0
    [ALLOC_TEMP_Background Job.Worker 2]
      Initial Block Size 32.0 KB
      Current Block Size 32.0 KB
      Peak Allocated Bytes 104 B
      Overflow Count 1
    [ALLOC_TEMP_Background Job.Worker 7]
      Initial Block Size 32.0 KB
      Current Block Size 32.0 KB
      Peak Allocated Bytes 3.3 KB
      Overflow Count 0
    [ALLOC_TEMP_UnityGfxDeviceWorker]
      Initial Block Size 256.0 KB
      Current Block Size 256.0 KB
      Peak Allocated Bytes 29.6 KB
      Overflow Count 0
    [ALLOC_TEMP_AssetGarbageCollectorHelper] x 3
      Initial Block Size 64.0 KB
      Current Block Size 64.0 KB
      Peak Allocated Bytes 0 B
      Overflow Count 0
    [ALLOC_TEMP_Background Job.Worker 5]
      Initial Block Size 32.0 KB
      Current Block Size 32.0 KB
      Peak Allocated Bytes 17.8 KB
      Overflow Count 0
    [ALLOC_TEMP_Background Job.Worker 13]
      Initial Block Size 32.0 KB
      Current Block Size 32.0 KB
      Peak Allocated Bytes 168 B
      Overflow Count 0
    [ALLOC_TEMP_Job.Worker 1]
      Initial Block Size 256.0 KB
      Current Block Size 256.0 KB
      Peak Allocated Bytes 29.3 KB
      Overflow Count 0
    [ALLOC_TEMP_Job.Worker 2]
      Initial Block Size 256.0 KB
      Current Block Size 256.0 KB
      Peak Allocated Bytes 29.3 KB
      Overflow Count 0
    [ALLOC_TEMP_Background Job.Worker 3]
      Initial Block Size 32.0 KB
      Current Block Size 32.0 KB
      Peak Allocated Bytes 3.5 KB
      Overflow Count 0
    [ALLOC_TEMP_Background Job.Worker 11]
      Initial Block Size 32.0 KB
      Current Block Size 32.0 KB
      Peak Allocated Bytes 2.8 KB
      Overflow Count 0
    [ALLOC_TEMP_Background Job.Worker 0]
      Initial Block Size 32.0 KB
      Current Block Size 32.0 KB
      Peak Allocated Bytes 9.0 KB
      Overflow Count 0
    [ALLOC_TEMP_CloudJob.Worker 0]
      Initial Block Size 32.0 KB
      Current Block Size 32.0 KB
      Peak Allocated Bytes 4.6 KB
      Overflow Count 0
    [ALLOC_TEMP_Background Job.Worker 4]
      Initial Block Size 32.0 KB
      Current Block Size 60.0 KB
      Peak Allocated Bytes 59.2 KB
      Overflow Count 0
    [ALLOC_TEMP_BatchDeleteObjects]
      Initial Block Size 64.0 KB
      Current Block Size 64.0 KB
      Peak Allocated Bytes 0 B
      Overflow Count 0
[ALLOC_DEFAULT] Dual Thread Allocator
  Peak main deferred allocation count 14253
    [ALLOC_BUCKET]
      Large Block size 4.0 MB
      Used Block count 1
      Peak Allocated bytes 4.0 MB
      Failed Allocations. Bucket layout:
        16B: 2 Subsections = 2048 buckets. Failed count: 239228
        32B: 17 Subsections = 8704 buckets. Failed count: 113605
        48B: 32 Subsections = 10922 buckets. Failed count: 165615
        64B: 137 Subsections = 35072 buckets. Failed count: 1347192
        80B: 26 Subsections = 5324 buckets. Failed count: 29246
        96B: 33 Subsections = 5632 buckets. Failed count: 81397
        112B: 4 Subsections = 585 buckets. Failed count: 18623
        128B: 5 Subsections = 640 buckets. Failed count: 76424
    [ALLOC_DEFAULT_MAIN]
      Peak usage frame count: [32.0 MB-64.0 MB]: 1487 frames, [64.0 MB-128.0 MB]: 229 frames
      Requested Block Size 16.0 MB
      Peak Block count 4
      Peak Allocated memory 67.0 MB
      Peak Large allocation bytes 16.0 MB
    [ALLOC_DEFAULT_THREAD]
      Peak usage frame count: [4.0 MB-8.0 MB]: 42 frames, [8.0 MB-16.0 MB]: 141 frames, [16.0 MB-32.0 MB]: 469 frames, [32.0 MB-64.0 MB]: 45 frames, [64.0 MB-128.0 MB]: 261 frames, [128.0 MB-256.0 MB]: 590 frames, [0.50 GB-1.00 GB]: 168 frames
      Requested Block Size 16.0 MB
      Peak Block count 15
      Peak Allocated memory 0.60 GB
      Peak Large allocation bytes 437.4 MB
[ALLOC_TEMP_JOB_1_FRAME]
  Initial Block Size 2.0 MB
  Used Block Count 0
  Overflow Count (too large) 0
  Overflow Count (full) 0
[ALLOC_TEMP_JOB_2_FRAMES]
  Initial Block Size 2.0 MB
  Used Block Count 0
  Overflow Count (too large) 0
  Overflow Count (full) 0
[ALLOC_TEMP_JOB_4_FRAMES (JobTemp)]
  Initial Block Size 2.0 MB
  Used Block Count 1
  Overflow Count (too large) 0
  Overflow Count (full) 0
[ALLOC_TEMP_JOB_ASYNC (Background)]
  Initial Block Size 1.0 MB
  Used Block Count 1
  Overflow Count (too large) 1
  Overflow Count (full) 0
[ALLOC_GFX] Dual Thread Allocator
  Peak main deferred allocation count 3
    [ALLOC_BUCKET]
      Large Block size 4.0 MB
      Used Block count 1
      Peak Allocated bytes 4.0 MB
      Failed Allocations. Bucket layout:
        16B: 2 Subsections = 2048 buckets. Failed count: 239228
        32B: 17 Subsections = 8704 buckets. Failed count: 113605
        48B: 32 Subsections = 10922 buckets. Failed count: 165615
        64B: 137 Subsections = 35072 buckets. Failed count: 1347192
        80B: 26 Subsections = 5324 buckets. Failed count: 29246
        96B: 33 Subsections = 5632 buckets. Failed count: 81397
        112B: 4 Subsections = 585 buckets. Failed count: 18623
        128B: 5 Subsections = 640 buckets. Failed count: 76424
    [ALLOC_GFX_MAIN]
      Peak usage frame count: [32.0 KB-64.0 KB]: 1069 frames, [64.0 KB-128.0 KB]: 392 frames, [128.0 KB-256.0 KB]: 1 frames, [256.0 KB-0.5 MB]: 25 frames, [2.0 MB-4.0 MB]: 228 frames, [4.0 MB-8.0 MB]: 1 frames
      Requested Block Size 16.0 MB
      Peak Block count 1
      Peak Allocated memory 4.5 MB
      Peak Large allocation bytes 0 B
    [ALLOC_GFX_THREAD]
      Peak usage frame count: [4.0 KB-8.0 KB]: 482 frames, [8.0 KB-16.0 KB]: 10 frames, [128.0 KB-256.0 KB]: 545 frames, [256.0 KB-0.5 MB]: 22 frames, [1.0 MB-2.0 MB]: 1 frames, [2.0 MB-4.0 MB]: 1 frames, [4.0 MB-8.0 MB]: 3 frames, [8.0 MB-16.0 MB]: 356 frames, [16.0 MB-32.0 MB]: 273 frames, [32.0 MB-64.0 MB]: 23 frames
      Requested Block Size 16.0 MB
      Peak Block count 3
      Peak Allocated memory 32.1 MB
      Peak Large allocation bytes 0 B
[ALLOC_CACHEOBJECTS] Dual Thread Allocator
  Peak main deferred allocation count 26
    [ALLOC_BUCKET]
      Large Block size 4.0 MB
      Used Block count 1
      Peak Allocated bytes 4.0 MB
      Failed Allocations. Bucket layout:
        16B: 2 Subsections = 2048 buckets. Failed count: 239228
        32B: 17 Subsections = 8704 buckets. Failed count: 113605
        48B: 32 Subsections = 10922 buckets. Failed count: 165615
        64B: 137 Subsections = 35072 buckets. Failed count: 1347192
        80B: 26 Subsections = 5324 buckets. Failed count: 29246
        96B: 33 Subsections = 5632 buckets. Failed count: 81397
        112B: 4 Subsections = 585 buckets. Failed count: 18623
        128B: 5 Subsections = 640 buckets. Failed count: 76424
    [ALLOC_CACHEOBJECTS_MAIN]
      Peak usage frame count: [1.0 MB-2.0 MB]: 1468 frames, [2.0 MB-4.0 MB]: 19 frames, [4.0 MB-8.0 MB]: 229 frames
      Requested Block Size 4.0 MB
      Peak Block count 3
      Peak Allocated memory 7.8 MB
      Peak Large allocation bytes 0 B
    [ALLOC_CACHEOBJECTS_THREAD]
      Peak usage frame count: [1.0 MB-2.0 MB]: 3 frames, [2.0 MB-4.0 MB]: 3 frames, [4.0 MB-8.0 MB]: 11 frames, [8.0 MB-16.0 MB]: 12 frames, [16.0 MB-32.0 MB]: 378 frames, [32.0 MB-64.0 MB]: 652 frames, [64.0 MB-128.0 MB]: 105 frames, [0.50 GB-1.00 GB]: 23 frames, [1.00 GB-2.00 GB]: 284 frames, [2.00 GB-4.00 GB]: 204 frames, [4.00 GB-8.00 GB]: 41 frames
      Requested Block Size 4.0 MB
      Peak Block count 494
      Peak Allocated memory 4.04 GB
      Peak Large allocation bytes 2.15 GB
[ALLOC_TYPETREE] Dual Thread Allocator
  Peak main deferred allocation count 0
    [ALLOC_BUCKET]
      Large Block size 4.0 MB
      Used Block count 1
      Peak Allocated bytes 4.0 MB
      Failed Allocations. Bucket layout:
        16B: 2 Subsections = 2048 buckets. Failed count: 239228
        32B: 17 Subsections = 8704 buckets. Failed count: 113605
        48B: 32 Subsections = 10922 buckets. Failed count: 165615
        64B: 137 Subsections = 35072 buckets. Failed count: 1347192
        80B: 26 Subsections = 5324 buckets. Failed count: 29246
        96B: 33 Subsections = 5632 buckets. Failed count: 81397
        112B: 4 Subsections = 585 buckets. Failed count: 18623
        128B: 5 Subsections = 640 buckets. Failed count: 76424
    [ALLOC_TYPETREE_MAIN]
      Peak usage frame count: [1.0 KB-2.0 KB]: 1 frames, [4.0 KB-8.0 KB]: 807 frames, [8.0 KB-16.0 KB]: 679 frames, [16.0 KB-32.0 KB]: 229 frames
      Requested Block Size 2.0 MB
      Peak Block count 1
      Peak Allocated memory 24.7 KB
      Peak Large allocation bytes 0 B
    [ALLOC_TYPETREE_THREAD]
      Peak usage frame count: [16.0 KB-32.0 KB]: 3 frames, [128.0 KB-256.0 KB]: 1 frames, [256.0 KB-0.5 MB]: 19 frames, [0.5 MB-1.0 MB]: 1 frames, [2.0 MB-4.0 MB]: 969 frames, [4.0 MB-8.0 MB]: 723 frames
      Requested Block Size 2.0 MB
      Peak Block count 3
      Peak Allocated memory 5.6 MB
      Peak Large allocation bytes 0 B
