Mono path[0] = '/home/cool/Games/Plague Inc - Evolved/ScenarioCreator/PlagueIncSC_Data/Managed'
Mono config path = '/home/cool/Games/Plague Inc - Evolved/ScenarioCreator/PlagueIncSC_Data/MonoBleedingEdge/etc'
Preloaded 'libCSteamworks.so'
Preloaded 'libsteam_api.so'
Preloaded 'libzipw.so'
Display 0 '0': 1680x1050 (primary device).
Desktop is 1680 x 1050 @ 60 Hz
Initialize engine version: 2019.4.9f1 (50fe8a171dd9)
[Subsystems] Discovering subsystems at path /home/cool/Games/Plague Inc - Evolved/ScenarioCreator/PlagueIncSC_Data/UnitySubsystems
GfxDevice: creating device client; threaded=1
Renderer: GeForce GT 730/PCIe/SSE2
Vendor:   NVIDIA Corporation
Version:  4.5.0 NVIDIA 390.157
GLES:     0
 GL_AMD_multi_draw_indirect GL_ARB_arrays_of_arrays GL_ARB_base_instance GL_ARB_blend_func_extended GL_ARB_buffer_storage GL_ARB_clear_buffer_object GL_ARB_clear_texture GL_ARB_clip_control GL_ARB_color_buffer_float GL_ARB_compressed_texture_pixel_storage GL_ARB_conservative_depth GL_ARB_compute_shader GL_ARB_compute_variable_group_size GL_ARB_conditional_render_inverted GL_ARB_copy_buffer GL_ARB_copy_image GL_ARB_cull_distance GL_ARB_debug_output GL_ARB_depth_buffer_float GL_ARB_depth_clamp GL_ARB_depth_texture GL_ARB_derivative_control GL_ARB_direct_state_access GL_ARB_draw_buffers GL_ARB_draw_buffers_blend GL_ARB_draw_indirect GL_ARB_draw_elements_base_vertex GL_ARB_draw_instanced GL_ARB_enhanced_layouts GL_ARB_ES2_compatibility GL_ARB_ES3_compatibility GL_ARB_ES3_1_compatibility GL_ARB_ES3_2_compatibility GL_ARB_explicit_attrib_location GL_ARB_explicit_uniform_location GL_ARB_fragment_coord_conventions GL_ARB_fragment_layer_viewport GL_ARB_fragment_program GL_ARB_fragment_program_shadow GL_ARB_fragment_s
hader GL_ARB_framebuffer_no_attachments GL_ARB_framebuffer_object GL_ARB_framebuffer_sRGB GL_ARB_geometry_shader4 GL_ARB_get_program_binary GL_ARB_get_texture_sub_image GL_ARB_gl_spirv GL_ARB_gpu_shader5 GL_ARB_gpu_shader_fp64 GL_ARB_gpu_shader_int64 GL_ARB_half_float_pixel GL_ARB_half_float_vertex GL_ARB_imaging GL_ARB_indirect_parameters GL_ARB_instanced_arrays GL_ARB_internalformat_query GL_ARB_internalformat_query2 GL_ARB_invalidate_subdata GL_ARB_map_buffer_alignment GL_ARB_map_buffer_range GL_ARB_multi_bind GL_ARB_multi_draw_indirect GL_ARB_multisample GL_ARB_multitexture GL_ARB_occlusion_query GL_ARB_occlusion_query2 GL_ARB_parallel_shader_compile GL_ARB_pipeline_statistics_query GL_ARB_pixel_buffer_object GL_ARB_point_parameters GL_ARB_point_sprite GL_ARB_polygon_offset_clamp GL_ARB_program_interface_query GL_ARB_provoking_vertex GL_ARB_query_buffer_object GL_ARB_robust_buffer_access_behavior GL_ARB_robustness GL_ARB_sample_shading GL_ARB_sampler_objects GL_ARB_seamless_cube_map GL_ARB_separate_shade
r_objects GL_ARB_shader_atomic_counter_ops GL_ARB_shader_atomic_counters GL_ARB_shader_bit_encoding GL_ARB_shader_draw_parameters GL_ARB_shader_group_vote GL_ARB_shader_image_load_store GL_ARB_shader_image_size GL_ARB_shader_objects GL_ARB_shader_precision GL_ARB_shader_storage_buffer_object GL_ARB_shader_subroutine GL_ARB_shader_texture_image_samples GL_ARB_shader_texture_lod GL_ARB_shading_language_100 GL_ARB_shading_language_420pack GL_ARB_shading_language_include GL_ARB_shading_language_packing GL_ARB_shadow GL_ARB_sparse_buffer GL_ARB_sparse_texture GL_ARB_spirv_extensions GL_ARB_stencil_texturing GL_ARB_sync GL_ARB_tessellation_shader GL_ARB_texture_barrier GL_ARB_texture_border_clamp GL_ARB_texture_buffer_object GL_ARB_texture_buffer_object_rgb32 GL_ARB_texture_buffer_range GL_ARB_texture_compression GL_ARB_texture_compression_bptc GL_ARB_texture_compression_rgtc GL_ARB_texture_cube_map GL_ARB_texture_cube_map_array GL_ARB_texture_env_add GL_ARB_texture_env_combine GL_ARB_texture_env_crossbar GL_ARB_t
exture_env_dot3 GL_ARB_texture_filter_anisotropic GL_ARB_texture_float GL_ARB_texture_gather GL_ARB_texture_mirror_clamp_to_edge GL_ARB_texture_mirrored_repeat GL_ARB_texture_multisample GL_ARB_texture_non_power_of_two GL_ARB_texture_query_levels GL_ARB_texture_query_lod GL_ARB_texture_rectangle GL_ARB_texture_rg GL_ARB_texture_rgb10_a2ui GL_ARB_texture_stencil8 GL_ARB_texture_storage GL_ARB_texture_storage_multisample GL_ARB_texture_swizzle GL_ARB_texture_view GL_ARB_timer_query GL_ARB_transform_feedback2 GL_ARB_transform_feedback3 GL_ARB_transform_feedback_instanced GL_ARB_transform_feedback_overflow_query GL_ARB_transpose_matrix GL_ARB_uniform_buffer_object GL_ARB_vertex_array_bgra GL_ARB_vertex_array_object GL_ARB_vertex_attrib_64bit GL_ARB_vertex_attrib_binding GL_ARB_vertex_buffer_object GL_ARB_vertex_program GL_ARB_vertex_shader GL_ARB_vertex_type_10f_11f_11f_rev GL_ARB_vertex_type_2_10_10_10_rev GL_ARB_viewport_array GL_ARB_window_pos GL_ATI_draw_buffers GL_ATI_texture_float GL_ATI_texture_mirror_onc
e GL_S3_s3tc GL_EXT_texture_env_add GL_EXT_abgr GL_EXT_bgra GL_EXT_bindable_uniform GL_EXT_blend_color GL_EXT_blend_equation_separate GL_EXT_blend_func_separate GL_EXT_blend_minmax GL_EXT_blend_subtract GL_EXT_compiled_vertex_array GL_EXT_Cg_shader GL_EXT_depth_bounds_test GL_EXT_direct_state_access GL_EXT_draw_buffers2 GL_EXT_draw_instanced GL_EXT_draw_range_elements GL_EXT_fog_coord GL_EXT_framebuffer_blit GL_EXT_framebuffer_multisample GL_EXTX_framebuffer_mixed_formats GL_EXT_framebuffer_multisample_blit_scaled GL_EXT_framebuffer_object GL_EXT_framebuffer_sRGB GL_EXT_geometry_shader4 GL_EXT_gpu_program_parameters GL_EXT_gpu_shader4 GL_EXT_multi_draw_arrays GL_EXT_packed_depth_stencil GL_EXT_packed_float GL_EXT_packed_pixels GL_EXT_pixel_buffer_object GL_EXT_point_parameters GL_EXT_polygon_offset_clamp GL_EXT_provoking_vertex GL_EXT_rescale_normal GL_EXT_secondary_color GL_EXT_separate_shader_objects GL_EXT_separate_specular_color GL_EXT_shader_image_load_store GL_EXT_shader_integer_mix GL_EXT_shadow_funcs
 GL_EXT_stencil_two_side GL_EXT_stencil_wrap GL_EXT_texture3D GL_EXT_texture_array GL_EXT_texture_buffer_object GL_EXT_texture_compression_dxt1 GL_EXT_texture_compression_latc GL_EXT_texture_compression_rgtc GL_EXT_texture_compression_s3tc GL_EXT_texture_cube_map GL_EXT_texture_edge_clamp GL_EXT_texture_env_combine GL_EXT_texture_env_dot3 GL_EXT_texture_filter_anisotropic GL_EXT_texture_integer GL_EXT_texture_lod GL_EXT_texture_lod_bias GL_EXT_texture_mirror_clamp GL_EXT_texture_object GL_EXT_texture_shared_exponent GL_EXT_texture_sRGB GL_EXT_texture_sRGB_decode GL_EXT_texture_storage GL_EXT_texture_swizzle GL_EXT_timer_query GL_EXT_transform_feedback2 GL_EXT_vertex_array GL_EXT_vertex_array_bgra GL_EXT_vertex_attrib_64bit GL_EXT_window_rectangles GL_EXT_x11_sync_object GL_EXT_import_sync_object GL_NV_robustness_video_memory_purge GL_IBM_rasterpos_clip GL_IBM_texture_mirrored_repeat GL_KHR_context_flush_control GL_KHR_debug GL_KHR_parallel_shader_compile GL_KHR_no_error GL_KHR_robust_buffer_access_behavior G
L_KHR_robustness GL_KTX_buffer_region GL_NV_alpha_to_coverage_dither_control GL_NV_bindless_multi_draw_indirect GL_NV_bindless_multi_draw_indirect_count GL_NV_blend_equation_advanced GL_NV_blend_square GL_NV_command_list GL_NV_compute_program5 GL_NV_conditional_render GL_NV_copy_depth_to_color GL_NV_copy_image GL_NV_depth_buffer_float GL_NV_depth_clamp GL_NV_draw_texture GL_NV_ES1_1_compatibility GL_NV_ES3_1_compatibility GL_NV_explicit_multisample GL_NV_fence GL_NV_float_buffer GL_NV_fog_distance GL_NV_fragment_program GL_NV_fragment_program_option GL_NV_fragment_program2 GL_NV_framebuffer_multisample_coverage GL_NV_geometry_shader4 GL_NV_gpu_program4 GL_NV_internalformat_sample_query GL_NV_gpu_program4_1 GL_NV_gpu_program5 GL_NV_gpu_program5_mem_extended GL_NV_gpu_program_fp64 GL_NV_gpu_shader5 GL_NV_half_float GL_NV_light_max_exponent GL_NV_multisample_coverage GL_NV_multisample_filter_hint GL_NV_occlusion_query GL_NV_packed_depth_stencil GL_NV_parameter_buffer_object GL_NV_parameter_buffer_object2 GL_NV_
path_rendering GL_NV_pixel_data_range GL_NV_point_sprite GL_NV_primitive_restart GL_NV_query_resource GL_NV_query_resource_tag GL_NV_register_combiners GL_NV_register_combiners2 GL_NV_shader_atomic_counters GL_NV_shader_atomic_float GL_NV_shader_buffer_load GL_NV_shader_storage_buffer_object GL_NV_texgen_reflection GL_NV_texture_barrier GL_NV_texture_compression_vtc GL_NV_texture_env_combine4 GL_NV_texture_multisample GL_NV_texture_rectangle GL_NV_texture_rectangle_compressed GL_NV_texture_shader GL_NV_texture_shader2 GL_NV_texture_shader3 GL_NV_transform_feedback GL_NV_transform_feedback2 GL_NV_uniform_buffer_unified_memory GL_NV_vdpau_interop GL_NV_vertex_array_range GL_NV_vertex_array_range2 GL_NV_vertex_attrib_integer_64bit GL_NV_vertex_buffer_unified_memory GL_NV_vertex_program GL_NV_vertex_program1_1 GL_NV_vertex_program2 GL_NV_vertex_program2_option GL_NV_vertex_program3 GL_NVX_conditional_render GL_NVX_gpu_memory_info GL_NV_shader_thread_group GL_KHR_blend_equation_advanced GL_SGIS_generate_mipmap GL
_SGIS_texture_lod GL_SGIX_depth_texture GL_SGIX_shadow GL_SUN_slice_accum
OPENGL LOG: Creating OpenGL 4.5 graphics device ; Context level  <OpenGL 4.5> ; Context handle 637306472
Begin MonoManager ReloadAssembly
- Completed reload, in  0.140 seconds
Default vsync count 0
requesting resize 1024 x 768
resizing window to 1024 x 768
Desktop is 1680 x 1050 @ 60 Hz
UnloadTime: 4.212362 ms
INITIALISE: English 
(Filename: ./Runtime/Export/Debug/Debug.bindings.h Line: 35)

Number imported: 8262 
(Filename: ./Runtime/Export/Debug/Debug.bindings.h Line: 35)

Data/Languages/en Line: 1 - non-whitespace/newlines outside of tag
Data/Languages/en Line: 2 - non-whitespace/newlines outside of tag
Data/Languages/en Line: 4716 - non-whitespace/newlines outside of tag
Data/Languages/en Line: 4753 - non-whitespace/newlines outside of tag
Data/Languages/en Line: 6481 - non-whitespace/newlines outside of tag
Data/Languages/en Line: 8088 - non-whitespace/newlines outside of tag
Data/Languages/en Line: 8089 - non-whitespace/newlines outside of tag
 
(Filename: ./Runtime/Export/Debug/Debug.bindings.h Line: 35)

EVENT MANAGER CREATED 
(Filename: ./Runtime/Export/Debug/Debug.bindings.h Line: 35)

Section: global Could not find field or property in SPDisease for: 'diseaseTypeGui' - original - 'disease_type_gui' 
(Filename: ./Runtime/Export/Debug/Debug.bindings.h Line: 35)

IMPORTING DISEASE TECH 
(Filename: ./Runtime/Export/Debug/Debug.bindings.h Line: 35)

Section: global Could not find field or property in SPDisease for: 'diseaseTypeGui' - original - 'disease_type_gui' 
(Filename: ./Runtime/Export/Debug/Debug.bindings.h Line: 35)

IMPORTING DISEASE TECH 
(Filename: ./Runtime/Export/Debug/Debug.bindings.h Line: 35)

Section: global Could not find field or property in SPDisease for: 'diseaseTypeGui' - original - 'disease_type_gui' 
(Filename: ./Runtime/Export/Debug/Debug.bindings.h Line: 35)

IMPORTING DISEASE TECH 
(Filename: ./Runtime/Export/Debug/Debug.bindings.h Line: 35)

Section: global Could not find field or property in SPDisease for: 'diseaseTypeGui' - original - 'disease_type_gui' 
(Filename: ./Runtime/Export/Debug/Debug.bindings.h Line: 35)

IMPORTING DISEASE TECH 
(Filename: ./Runtime/Export/Debug/Debug.bindings.h Line: 35)

Section: global Could not find field or property in SPDisease for: 'diseaseTypeGui' - original - 'disease_type_gui' 
(Filename: ./Runtime/Export/Debug/Debug.bindings.h Line: 35)

IMPORTING DISEASE TECH 
(Filename: ./Runtime/Export/Debug/Debug.bindings.h Line: 35)

Section: global Could not find field or property in SPDisease for: 'diseaseTypeGui' - original - 'disease_type_gui' 
(Filename: ./Runtime/Export/Debug/Debug.bindings.h Line: 35)

IMPORTING DISEASE TECH 
(Filename: ./Runtime/Export/Debug/Debug.bindings.h Line: 35)

Section: global Could not find field or property in SPDisease for: 'diseaseTypeGui' - original - 'disease_type_gui' 
(Filename: ./Runtime/Export/Debug/Debug.bindings.h Line: 35)

IMPORTING DISEASE TECH 
(Filename: ./Runtime/Export/Debug/Debug.bindings.h Line: 35)

Section: global Could not find field or property in SPDisease for: 'diseaseTypeGui' - original - 'disease_type_gui' 
(Filename: ./Runtime/Export/Debug/Debug.bindings.h Line: 35)

IMPORTING DISEASE TECH 
(Filename: ./Runtime/Export/Debug/Debug.bindings.h Line: 35)

Section: global Could not find field or property in SPDisease for: 'diseaseTypeGui' - original - 'disease_type_gui' 
(Filename: ./Runtime/Export/Debug/Debug.bindings.h Line: 35)

IMPORTING DISEASE TECH 
(Filename: ./Runtime/Export/Debug/Debug.bindings.h Line: 35)

Section: global Could not find field or property in SPDisease for: 'diseaseTypeGui' - original - 'disease_type_gui' 
(Filename: ./Runtime/Export/Debug/Debug.bindings.h Line: 35)

IMPORTING DISEASE TECH 
(Filename: ./Runtime/Export/Debug/Debug.bindings.h Line: 35)

Section: global Could not find field or property in SPDisease for: 'diseaseTypeGui' - original - 'disease_type_gui' 
(Filename: ./Runtime/Export/Debug/Debug.bindings.h Line: 35)

IMPORTING DISEASE TECH 
(Filename: ./Runtime/Export/Debug/Debug.bindings.h Line: 35)

Section: global Could not find field or property in SPDisease for: 'diseaseTypeGui' - original - 'disease_type_gui' 
(Filename: ./Runtime/Export/Debug/Debug.bindings.h Line: 35)

IMPORTING DISEASE TECH 
(Filename: ./Runtime/Export/Debug/Debug.bindings.h Line: 35)

TECH: Tech Tree has no disease 
(Filename: ./Runtime/Export/Debug/Debug.bindings.h Line: 35)

TECH: Tech Tree has no disease 
(Filename: ./Runtime/Export/Debug/Debug.bindings.h Line: 35)

TECH: Tech Tree has no disease 
(Filename: ./Runtime/Export/Debug/Debug.bindings.h Line: 35)

GlobalConditionDragPanelADD COLLAPSE DELEGATE 
(Filename: ./Runtime/Export/Debug/Debug.bindings.h Line: 35)

LocalConditionDragPanelADD COLLAPSE DELEGATE 
(Filename: ./Runtime/Export/Debug/Debug.bindings.h Line: 35)

OutcomesDragPanelADD COLLAPSE DELEGATE 
(Filename: ./Runtime/Export/Debug/Debug.bindings.h Line: 35)

System Info:
Plague Inc. Evolved Scenario Creator Version 1.2.0
OS: Linux 7.0 Arch Linux  64bit
Processor: Intel(R) Core(TM) i3-3220 CPU @ 3.30GHz Count: 4
Graphics: 0/GeForce GT 730/PCIe/SSE2/NVIDIA Corporation/OpenGL 4.5.0 NVIDIA 390.157/4096/-1 Shader: 50
Memory: system - 7897 graphics - 4096
 
(Filename: ./Runtime/Export/Debug/Debug.bindings.h Line: 35)

requesting resize 1024 x 768
resizing window to 1024 x 768
Desktop is 1680 x 1050 @ 60 Hz
EVENT MANAGER CREATED 
(Filename: ./Runtime/Export/Debug/Debug.bindings.h Line: 35)

----abilityText:# AA Data Export : 06/02/13 at 23:02 
AA:
 reanimate:
  aa_title:Reanimate
  aa_description:Cellular regeneration makes some dead zombies rise again. Requires 'dead' population. Press button then click on country to select target. Target country must have dead within. (Cost: %s DNA)
  aa_cost:5
  aa_graphic:aa-reanimation
  aa_description_pc:IG_Necroa_Help_Box_Text_Horde
  aa_graphic_pc:zz_reanimate
  aa_normal_pc:AA_Button_normal
  aa_hover_pc:AA_Button_hover
  aa_clicked_pc:AA_Button_clicked
  aa_disabled_pc:AA_Button_disabled
  aa_key_pc:AA_Button_KeyBg

 zombie_horde:
  aa_title:Zombie Horde
  aa_description:Gather a horde of zombies to send to another country. Requires 'zombie' population. Press button and click on a start country. Then select destination country. Start country must have zombies in. (Cost: %s DNA)
  aa_cost:5
  aa_graphic:aa-horde
  aa_description_pc:IG_Necroa_Help_Box_Text_Reanimate
  aa_graphic_pc:zz_horde
  aa_normal_pc:AA_Button_normal
  aa_hover_pc:AA_Button_hover
  aa_clicked_pc:AA_Button_clicked
  aa_disabled_pc:AA_Button_disabled
  aa_key_pc:AA_Button_KeyBg

#  Simian AA Data Export : 15/06/14 at 20:06 

 create_colony:
  aa_title:Create Colony
  aa_description:Intelligent apes come together to build a community, rescue others and protect themselves
  aa_cost:5
  aa_graphic:AA_ape_colony
  aa_description_pc:0
  aa_graphic_pc:simian_campfire_ability
  aa_normal_pc:AA_Button_normal_Simian
  aa_hover_pc:AA_Button_hover_Simian
  aa_clicked_pc:AA_Button_clicked_Simian
  aa_disabled_pc:AA_Button_disabled
  aa_key_pc:AA_Button_KeyBg_Simian

 move:
  aa_title:Travel
  aa_description:Intelligent apes leave their homes and move to a new location
  aa_cost:5
  aa_graphic:AA_ape_movement
  aa_description_pc:0
  aa_graphic_pc:simian_apehorde_ability
  aa_normal_pc:AA_Button_normal_Simian
  aa_hover_pc:AA_Button_hover_Simian
  aa_clicked_pc:AA_Button_clicked_Simian
  aa_disabled_pc:AA_Button_disabled
  aa_key_pc:AA_Button_KeyBg_Simian

 rampage:
  aa_title:Rampage
  aa_description:Intelligent apes search the country for apes to rescue. Will target Gen-Sys labs if present
  aa_cost:7
  aa_graphic:AA_ape_rampage
  aa_description_pc:0
  aa_graphic_pc:simian_apefist_ability
  aa_normal_pc:AA_Button_normal_Simian
  aa_hover_pc:AA_Button_hover_Simian
  aa_clicked_pc:AA_Button_clicked_Simian
  aa_disabled_pc:AA_Button_disabled
  aa_key_pc:AA_Button_KeyBg_Simian

# Vampire AA Data Export : 09/10/15 at 18:37 

  
 bloodrage:
  aa_title:Blood Rage
  aa_description:Vampire attacks research/military facilities if present, otherwise goes on killing spree to get DNA
  aa_cost:1
  aa_graphic:AA_Sacrifice
  aa_description_pc:0
  aa_graphic_pc:AA_Sacrifice
  aa_normal_pc:AA_Button_Normal_Vampire
  aa_hover_pc:AA_Button_Hover_Vampire
  aa_clicked_pc:AA_Button_Clicked_Vampire
  aa_disabled_pc:AA_Button_disabled
  aa_key_pc:AA_Button_KeyBg

 vampiretravel:
  aa_title:Vampire Flight
  aa_description:Send a vampire to another country
  aa_cost:0
  aa_graphic:AA_Travel
  aa_description_pc:0
  aa_graphic_pc:bat_0
  aa_normal_pc:AA_Button_Normal_Vampire
  aa_hover_pc:AA_Button_Hover_Vampire
  aa_clicked_pc:AA_Button_Clicked_Vampire
  aa_disabled_pc:AA_Button_disabled
  aa_key_pc:AA_Button_KeyBg

 castle:
  aa_title:Create Lair
  aa_description:Create a lair for the vampire to heal in. Also generates DNA based on infected population
  aa_cost:3
  aa_graphic:AA_Castle
  aa_description_pc:0
  aa_graphic_pc:vamp_lair_0
  aa_normal_pc:AA_Button_Normal_Vampire
  aa_hover_pc:AA_Button_Hover_Vampire
  aa_clicked_pc:AA_Button_Clicked_Vampire
  aa_disabled_pc:AA_Button_disabled
  aa_key_pc:AA_Button_KeyBg
   
(Filename: ./Runtime/Export/Debug/Debug.bindings.h Line: 35)

Invalid data line '  ' - expected param:val line:72 depth:2 
(Filename: ./Runtime/Export/Debug/Debug.bindings.h Line: 35)

Invalid data line '  ' - expected param:val line:111 depth:2 
(Filename: ./Runtime/Export/Debug/Debug.bindings.h Line: 35)

-----pair.Key:reanimate, abilityType:reanimate 
(Filename: ./Runtime/Export/Debug/Debug.bindings.h Line: 35)

-----pair.Key:zombie_horde, abilityType:zombie_horde 
(Filename: ./Runtime/Export/Debug/Debug.bindings.h Line: 35)

-----pair.Key:create_colony, abilityType:create_colony 
(Filename: ./Runtime/Export/Debug/Debug.bindings.h Line: 35)

-----pair.Key:move, abilityType:move 
(Filename: ./Runtime/Export/Debug/Debug.bindings.h Line: 35)

-----pair.Key:rampage, abilityType:rampage 
(Filename: ./Runtime/Export/Debug/Debug.bindings.h Line: 35)

-----pair.Key:bloodrage, abilityType:bloodrage 
(Filename: ./Runtime/Export/Debug/Debug.bindings.h Line: 35)

-----pair.Key:vampiretravel, abilityType:vampiretravel 
(Filename: ./Runtime/Export/Debug/Debug.bindings.h Line: 35)

-----pair.Key:castle, abilityType:castle 
(Filename: ./Runtime/Export/Debug/Debug.bindings.h Line: 35)

Number imported: 52 
(Filename: ./Runtime/Export/Debug/Debug.bindings.h Line: 35)

Section: global Could not find field or property in SPDisease for: 'diseaseTypeGui' - original - 'disease_type_gui' 
(Filename: ./Runtime/Export/Debug/Debug.bindings.h Line: 35)

IMPORTING DISEASE TECH 
(Filename: ./Runtime/Export/Debug/Debug.bindings.h Line: 35)

Attemping Meta Data Binding ScenarioInformation 
(Filename: ./Runtime/Export/Debug/Debug.bindings.h Line: 35)

couldn't find: PrivateEmail in ScenarioCreatorAPI.Instance.MetaData 
(Filename: ./Runtime/Export/Debug/Debug.bindings.h Line: 35)

Attemping Meta Data Binding ScenarioInformation 
(Filename: ./Runtime/Export/Debug/Debug.bindings.h Line: 35)

couldn't find: PublicEmail in ScenarioCreatorAPI.Instance.MetaData 
(Filename: ./Runtime/Export/Debug/Debug.bindings.h Line: 35)

Setting up 2 worker threads for Enlighten.
  Thread -> id: 7fc1fbffe6c0 -> priority: 1 
  Thread -> id: 7fc1faffc6c0 -> priority: 1 
